HI-TECH Software C Compiler 

Linker command line:

--edf=C:\Program Files (x86)\HI-TECH Software\PICC\9.83\dat\en_msgs.txt -cs \
  -h+dist/default/production\CLDC001.X.production.sym -z -Q16F690 -ol.obj \
  -Mdist/default/production/CLDC001.X.production.map -E1 \
  -ACONST=00h-0FFhx16 -ACODE=00h-07FFhx2 -ASTRCODE=00h-0FFFh \
  -AENTRY=00h-0FFhx16 -ASTRING=00h-0FFhx16 -ABANK0=020h-06Fh \
  -ABANK1=0A0h-0EFh -ABANK2=0120h-016Fh \
  -ARAM=020h-06Fh,0A0h-0EFh,0120h-016Fh \
  -AABS1=020h-07Fh,0A0h-0EFh,0120h-016Fh -ACOMMON=070h-07Fh -ASFR0=00h-01Fh \
  -ASFR1=080h-09Fh -ASFR2=0100h-011Fh -ASFR3=0180h-01EFh \
  -preset_vec=00h,intentry,init,end_init -ppowerup=CODE -pfunctab=CODE \
  -ACONFIG=02007h-02007h -pconfig=CONFIG -DCONFIG=2 -AIDLOC=02000h-02003h \
  -pidloc=IDLOC -DIDLOC=2 -AEEDATA=00h-0FFh/02100h -peeprom_data=EEDATA \
  -DEEDATA=2 -DCODE=2 -DSTRCODE=2 -DSTRING=2 -DCONST=2 -DENTRY=2 -k \
  C:\Users\Dave\AppData\Local\Temp\s7ks.obj \
  dist/default/production\CLDC001.X.production.obj 

Object code version is 3.10

Machine type is 16F690



                Name                               Link     Load   Length Selector   Space Scale
C:\Users\Dave\AppData\Local\Temp\s7ks.obj
                end_init                              0        0        2        0       0
dist/default/production\CLDC001.X.production.obj
                config                             2007     2007        1     400E       0
                text467                             331      331        4      662       0
                text466                             36B      36B        F      6D6       0
                text465                             389      389       18      712       0
                text464                             61D      61D       74      C3A       0
                text463                             54A      54A       68      A94       0
                text462                             3A1      3A1       19      742       0
                text461                             5B2      5B2       6B      B64       0
                text460                             3F5      3F5       4E      7EA       0
                text459                             3BA      3BA       1D      774       0
                text458                             33D      33D        9      67A       0
                text457                             3D7      3D7       1E      7AE       0
                text456                             37A      37A        F      6F4       0
                text455                             346      346        A      68C       0
                text454                             493      493       5B      926       0
                text453                             443      443       50      886       0
                text452                             691      691       AA      D22       0
                text451                             350      350        D      6A0       0
                text450                             73B      73B       C5      E76       0
                maintext                            4EE      4EE       5C      9DC       0
                cstackBANK0                          49       49       15       20       1
                cstackCOMMON                         70       70        E       70       1
                clrtext                             335      335        8      66A       0
                dataBANK0                            5E       5E        1       20       1
                bssBANK0                             20       20       29       20       1
                cinit                               35D      35D        E      6BA       0
                strings                               2        2       56        4       0
                idataBANK0                          330      330        1      660       0

TOTAL           Name                               Link     Load   Length     Space
        CLASS   CONST          

        CLASS   CODE           
                end_init                              0        0        2         0
                text467                             331      331        4         0
                text466                             36B      36B        F         0
                text465                             389      389       18         0
                text464                             61D      61D       74         0
                text463                             54A      54A       68         0
                text462                             3A1      3A1       19         0
                text461                             5B2      5B2       6B         0
                text460                             3F5      3F5       4E         0
                text459                             3BA      3BA       1D         0
                text458                             33D      33D        9         0
                text457                             3D7      3D7       1E         0
                text456                             37A      37A        F         0
                text455                             346      346        A         0
                text454                             493      493       5B         0
                text453                             443      443       50         0
                text452                             691      691       AA         0
                text451                             350      350        D         0
                text450                             73B      73B       C5         0
                maintext                            4EE      4EE       5C         0
                clrtext                             335      335        8         0
                cinit                               35D      35D        E         0
                idataBANK0                          330      330        1         0

        CLASS   STRCODE        

        CLASS   ENTRY          

        CLASS   STRING         
                strings                               2        2       56         0

        CLASS   BANK0          
                cstackBANK0                          49       49       15         1
                dataBANK0                            5E       5E        1         1
                bssBANK0                             20       20       29         1

        CLASS   BANK1          

        CLASS   BANK2          

        CLASS   RAM            

        CLASS   ABS1           
                abs_s1                               7E       7E        2         1

        CLASS   COMMON         
                cstackCOMMON                         70       70        E         1

        CLASS   SFR0           

        CLASS   SFR1           

        CLASS   SFR2           

        CLASS   SFR3           

        CLASS   CONFIG         
                config                             2007     2007        1         0

        CLASS   IDLOC          

        CLASS   EEDATA         

        CLASS   BANK3          



SEGMENTS        Name                           Load    Length   Top    Selector   Space  Class     Delta

                reset_vec                      000000  000002  000002         0       0  CODE        2
                strings                        000002  000056  000058         4       0  STRING      2
                bssBANK0                       000020  00003F  00005F        20       1  BANK0       1
                cstackCOMMON                   000070  00000E  00007E        70       1  COMMON      1
                idataBANK0                     000330  000001  000331       660       0  CODE        2
                text467                        000331  000004  000335       662       0  CODE        2
                clrtext                        000335  000008  00033D       66A       0  CODE        2
                text458                        00033D  000009  000346       67A       0  CODE        2
                text455                        000346  00000A  000350       68C       0  CODE        2
                text451                        000350  00000D  00035D       6A0       0  CODE        2
                cinit                          00035D  00000E  00036B       6BA       0  CODE        2
                text466                        00036B  00000F  00037A       6D6       0  CODE        2
                text456                        00037A  00000F  000389       6F4       0  CODE        2
                text465                        000389  000018  0003A1       712       0  CODE        2
                text462                        0003A1  000019  0003BA       742       0  CODE        2
                text459                        0003BA  00001D  0003D7       774       0  CODE        2
                text457                        0003D7  00001E  0003F5       7AE       0  CODE        2
                text460                        0003F5  00004E  000443       7EA       0  CODE        2
                text453                        000443  000050  000493       886       0  CODE        2
                text454                        000493  00005B  0004EE       926       0  CODE        2
                maintext                       0004EE  00005C  00054A       9DC       0  CODE        2
                text463                        00054A  000068  0005B2       A94       0  CODE        2
                text461                        0005B2  00006B  00061D       B64       0  CODE        2
                text464                        00061D  000074  000691       C3A       0  CODE        2
                text452                        000691  0000AA  00073B       D22       0  CODE        2
                text450                        00073B  0000C5  000800       E76       0  CODE        2
                config                         002007  000001  002008      400E       0  CONFIG      2


UNUSED ADDRESS RANGES

        Name                Unused          Largest block    Delta
        BANK0            005F-006F             11           1
        BANK1            00A0-00EF             50           1
        BANK2            0120-016F             50           1
        CODE             0058-032F            2D8           2
                         0800-0FFF            800
        CONST            0058-032F            100           2
                         0800-0FFF            100
        EEDATA           2100-21FF            100           2
        ENTRY            0058-032F            100           2
                         0800-0FFF            100
        IDLOC            2000-2003              4           2
        RAM              005F-006F             11           1
                         00A0-00EF             50
                         0120-016F             50
        SFR0             0000-001F             20           1
        SFR1             0080-009F             20           1
        SFR2             0100-011F             20           1
        SFR3             0180-01EF             70           1
        STRCODE          0058-032F            2D8           2
                         0800-0FFF            800
        STRING           0058-032F            100           2
                         0800-0FFF            100

                                  Symbol Table

??_DisplayData                  cstackCOMMON 007E
??_ReceivePage                  cstackBANK0  004E
??_RecieveSensorData            cstackBANK0  004E
??_RefreshDisplay               cstackBANK0  004D
??___awdiv                      cstackCOMMON 0074
??___awmod                      cstackCOMMON 007D
??___bmul                       cstackCOMMON 0071
??_lcd_clear                    cstackCOMMON 0076
??_lcd_goto                     cstackCOMMON 0076
??_lcd_init                     cstackCOMMON 0076
??_lcd_putch                    cstackCOMMON 0076
??_lcd_puts                     cstackCOMMON 0076
??_lcd_write                    cstackCOMMON 0074
??_main                         cstackBANK0  005A
??_msecbase                     cstackCOMMON 0070
??_onewire_init                 cstackCOMMON 0070
??_onewire_listen               cstackCOMMON 0076
??_onewire_read                 cstackCOMMON 0070
??_pause                        cstackCOMMON 0072
?_DisplayData                   cstackBANK0  004B
?_ReceivePage                   cstackCOMMON 0070
?_RecieveSensorData             cstackCOMMON 0070
?_RefreshDisplay                cstackCOMMON 0070
?___awdiv                       cstackCOMMON 0070
?___awmod                       cstackCOMMON 0079
?___bmul                        cstackCOMMON 0070
?_lcd_clear                     cstackCOMMON 0070
?_lcd_goto                      cstackCOMMON 0070
?_lcd_init                      cstackCOMMON 0070
?_lcd_putch                     cstackCOMMON 0070
?_lcd_puts                      cstackCOMMON 0070
?_lcd_write                     cstackCOMMON 0070
?_main                          cstackCOMMON 0070
?_msecbase                      cstackCOMMON 0070
?_onewire_init                  cstackCOMMON 0070
?_onewire_listen                cstackCOMMON 0070
?_onewire_read                  cstackCOMMON 0070
?_pause                         cstackCOMMON 0070
DisplayData@data                cstackBANK0  004B
RecieveSensorData@ControllerID  cstackBANK0  0059
RecieveSensorData@HumidH        cstackBANK0  0057
RecieveSensorData@HumidL        cstackBANK0  0058
RecieveSensorData@Temp1H        cstackBANK0  004F
RecieveSensorData@Temp1L        cstackBANK0  0050
RecieveSensorData@Temp2H        cstackBANK0  0051
RecieveSensorData@Temp2L        cstackBANK0  0052
RecieveSensorData@Temp3H        cstackBANK0  0053
RecieveSensorData@Temp3L        cstackBANK0  0054
RecieveSensorData@Temp4H        cstackBANK0  0055
RecieveSensorData@Temp4L        cstackBANK0  0056
_ANSEL                          (abs)        011E
_ANSELH                         (abs)        011F
_BAUDCTL                        (abs)        009B
_CARRY                          (abs)        0018
_CM1CON0                        (abs)        0119
_CM2CON0                        (abs)        011A
_DataArray                      bssBANK0     0020
_DisplayData                    text454      0493
_DisplayPage                    dataBANK0    005E
_EEADR                          (abs)        010D
_EECON1                         (abs)        018C
_EECON2                         (abs)        018D
_EEDATA                         (abs)        010C
_GIE                            (abs)        005F
_OPTION                         (abs)        0081
_OSCCON                         (abs)        008F
_PORTB                          (abs)        0006
_PORTC                          (abs)        0007
_RA1                            (abs)        0029
_RA2                            (abs)        002A
_RA4                            (abs)        002C
_RCIF                           (abs)        0065
_RCREG                          (abs)        001A
_RCSTA                          (abs)        0018
_RD                             (abs)        0C60
_ReceivePage                    text451      0350
_RecieveSensorData              text450      073B
_RefreshDisplay                 text452      0691
_SPBRG                          (abs)        0099
_T0IF                           (abs)        005A
_TMR0                           (abs)        0001
_TRISA                          (abs)        0085
_TRISB                          (abs)        0086
_TRISB5                         (abs)        0435
_TRISB7                         (abs)        0437
_TRISC                          (abs)        0087
_TXIF                           (abs)        0064
_TXREG                          (abs)        0019
_TXSTA                          (abs)        0098
_WR                             (abs)        0C61
_WREN                           (abs)        0C62
__Habs1                         abs1         0000
__Hbank0                        bank0        0000
__Hbank1                        bank1        0000
__Hbank2                        bank2        0000
__Hbank3                        bank3        0000
__HbssBANK0                     bssBANK0     0000
__Hcinit                        cinit        0000
__Hclrtext                      clrtext      0000
__Hcode                         code         0000
__Hcommon                       common       0000
__Hconfig                       config       2008
__HcstackBANK0                  cstackBANK0  0000
__HcstackCOMMON                 cstackCOMMON 0000
__HdataBANK0                    dataBANK0    0000
__Heeprom_data                  eeprom_data  0000
__Hend_init                     end_init     0002
__Hfunctab                      functab      0000
__HidataBANK0                   idataBANK0   0000
__Hidloc                        idloc        0000
__Hinit                         init         0000
__Hintentry                     intentry     0000
__Hmaintext                     maintext     0000
__Hpowerup                      powerup      0000
__Hram                          ram          0000
__Hreset_vec                    reset_vec    0000
__Hsfr0                         sfr0         0000
__Hsfr1                         sfr1         0000
__Hsfr2                         sfr2         0000
__Hsfr3                         sfr3         0000
__Hstrings                      strings      0000
__Htext                         text         0000
__Labs1                         abs1         0000
__Lbank0                        bank0        0000
__Lbank1                        bank1        0000
__Lbank2                        bank2        0000
__Lbank3                        bank3        0000
__LbssBANK0                     bssBANK0     0000
__Lcinit                        cinit        0000
__Lclrtext                      clrtext      0000
__Lcode                         code         0000
__Lcommon                       common       0000
__Lconfig                       config       2007
__LcstackBANK0                  cstackBANK0  0000
__LcstackCOMMON                 cstackCOMMON 0000
__LdataBANK0                    dataBANK0    0000
__Leeprom_data                  eeprom_data  0000
__Lend_init                     end_init     0000
__Lfunctab                      functab      0000
__LidataBANK0                   idataBANK0   0000
__Lidloc                        idloc        0000
__Linit                         init         0000
__Lintentry                     intentry     0000
__Lmaintext                     maintext     0000
__Lpowerup                      powerup      0000
__Lram                          ram          0000
__Lreset_vec                    reset_vec    0000
__Lsfr0                         sfr0         0000
__Lsfr1                         sfr1         0000
__Lsfr2                         sfr2         0000
__Lsfr3                         sfr3         0000
__Lstrings                      strings      0000
__Ltext                         text         0000
__S0                            (abs)        2008
__S1                            (abs)        007E
__S2                            (abs)        0000
___awdiv                        text464      061D
___awdiv@counter                cstackCOMMON 0075
___awdiv@dividend               cstackCOMMON 0072
___awdiv@divisor                cstackCOMMON 0070
___awdiv@quotient               cstackCOMMON 0077
___awdiv@sign                   cstackCOMMON 0076
___awmod                        text463      054A
___awmod@counter                cstackBANK0  0049
___awmod@dividend               cstackCOMMON 007B
___awmod@divisor                cstackCOMMON 0079
___awmod@sign                   cstackBANK0  004A
___bmul                         text465      0389
___bmul@multiplicand            cstackCOMMON 0070
___bmul@multiplier              cstackCOMMON 0073
___bmul@product                 cstackCOMMON 0072
__end_of_DisplayData            text454      04EE
__end_of_ReceivePage            text451      035D
__end_of_RecieveSensorData      text450      0800
__end_of_RefreshDisplay         text452      073B
__end_of___awdiv                text464      0691
__end_of___awmod                text463      05B2
__end_of___bmul                 text465      03A1
__end_of_lcd_clear              text456      0389
__end_of_lcd_goto               text455      0350
__end_of_lcd_init               text453      0493
__end_of_lcd_putch              text458      0346
__end_of_lcd_puts               text457      03F5
__end_of_lcd_write              text459      03D7
__end_of_main                   maintext     054A
__end_of_msecbase               text466      037A
__end_of_onewire_init           text467      0335
__end_of_onewire_listen         text460      0443
__end_of_onewire_read           text461      061D
__end_of_pause                  text462      03BA
__pbssBANK0                     bssBANK0     0020
__pcstackBANK0                  cstackBANK0  0049
__pcstackCOMMON                 cstackCOMMON 0070
__pdataBANK0                    dataBANK0    005E
__pidataBANK0                   idataBANK0   0330
__pmaintext                     maintext     04EE
__pstrings                      strings      0002
__ptext450                      text450      073B
__ptext451                      text451      0350
__ptext452                      text452      0691
__ptext453                      text453      0443
__ptext454                      text454      0493
__ptext455                      text455      0346
__ptext456                      text456      037A
__ptext457                      text457      03D7
__ptext458                      text458      033D
__ptext459                      text459      03BA
__ptext460                      text460      03F5
__ptext461                      text461      05B2
__ptext462                      text462      03A1
__ptext463                      text463      054A
__ptext464                      text464      061D
__ptext465                      text465      0389
__ptext466                      text466      036B
__ptext467                      text467      0331
__ptext468                      text468      0000
__size_of_DisplayData           (abs)        0000
__size_of_ReceivePage           (abs)        0000
__size_of_RecieveSensorData     (abs)        0000
__size_of_RefreshDisplay        (abs)        0000
__size_of___awdiv               (abs)        0000
__size_of___awmod               (abs)        0000
__size_of___bmul                (abs)        0000
__size_of_lcd_clear             (abs)        0000
__size_of_lcd_goto              (abs)        0000
__size_of_lcd_init              (abs)        0000
__size_of_lcd_putch             (abs)        0000
__size_of_lcd_puts              (abs)        0000
__size_of_lcd_write             (abs)        0000
__size_of_main                  (abs)        0000
__size_of_msecbase              (abs)        0000
__size_of_onewire_init          (abs)        0000
__size_of_onewire_listen        (abs)        0000
__size_of_onewire_read          (abs)        0000
__size_of_pause                 (abs)        0000
_b0                             bssBANK0     0048
_exit                           init         0000
_lcd_clear                      text456      037A
_lcd_goto                       text455      0346
_lcd_init                       text453      0443
_lcd_putch                      text458      033D
_lcd_puts                       text457      03D7
_lcd_write                      text459      03BA
_main                           maintext     04EE
_msecbase                       text466      036B
_onewire_init                   text467      0331
_onewire_listen                 text460      03F5
_onewire_read                   text461      05B2
_pause                          text462      03A1
btemp                           (abs)        007E
clear_ram                       clrtext      0335
end_of_initialization           cinit        0368
intlevel0                       functab      0000
intlevel1                       functab      0000
intlevel2                       functab      0000
intlevel3                       functab      0000
intlevel4                       functab      0000
intlevel5                       functab      0000
lcd_goto@pos                    cstackCOMMON 0076
lcd_init@init_value             cstackCOMMON 0077
lcd_putch@c                     cstackCOMMON 0076
lcd_puts@s                      cstackCOMMON 0077
lcd_write@c                     cstackCOMMON 0075
main@input                      cstackBANK0  005D
onewire_listen@Payload          cstackCOMMON 007C
onewire_listen@RxAddress        cstackCOMMON 007B
onewire_listen@TxAddress        cstackCOMMON 0077
onewire_listen@address          cstackCOMMON 0078
onewire_listen@message_recieved cstackCOMMON 0079
onewire_read@count              cstackCOMMON 0073
onewire_read@data               cstackCOMMON 0075
onewire_read@databit            cstackCOMMON 0072
pause@usvalue                   cstackCOMMON 0070
pause@x                         cstackCOMMON 0072
reset_vec                       reset_vec    0000
start                           init         0000
start_initialization            cinit        035D
wtemp0                          (abs)        007E
